Copyright 1986-2022 Xilinx, Inc. All Rights Reserved. Copyright 2022-2023 Advanced Micro Devices, Inc. All Rights Reserved.
---------------------------------------------------------------------------------------------------------------------------------------------
| Tool Version : Vivado v.2023.2 (lin64) Build 4029153 Fri Oct 13 20:13:54 MDT 2023
| Date         : Fri Dec 15 20:12:30 2023
| Host         : kostal-701PC running 64-bit Ubuntu 20.04.6 LTS
| Command      : report_control_sets -verbose -file tinyriscv_soc_top_control_sets_placed.rpt
| Design       : tinyriscv_soc_top
| Device       : xc7s50
---------------------------------------------------------------------------------------------------------------------------------------------

Control Set Information

Table of Contents
-----------------
1. Summary
2. Histogram
3. Flip-Flop Distribution
4. Detailed Control Set Information

1. Summary
----------

+----------------------------------------------------------+-------+
|                          Status                          | Count |
+----------------------------------------------------------+-------+
| Total control sets                                       |    95 |
|    Minimum number of control sets                        |    95 |
|    Addition due to synthesis replication                 |     0 |
|    Addition due to physical synthesis replication        |     0 |
| Unused register locations in slices containing registers |    92 |
+----------------------------------------------------------+-------+
* Control sets can be merged at opt_design using control_set_merge or merge_equivalent_drivers
** Run report_qor_suggestions for automated merging and remapping suggestions


2. Histogram
------------

+--------------------+-------+
|       Fanout       | Count |
+--------------------+-------+
| Total control sets |    95 |
| >= 0 to < 4        |     3 |
| >= 4 to < 6        |     6 |
| >= 6 to < 8        |     2 |
| >= 8 to < 10       |    15 |
| >= 10 to < 12      |     0 |
| >= 12 to < 14      |     2 |
| >= 14 to < 16      |     0 |
| >= 16              |    67 |
+--------------------+-------+
* Control sets can be remapped at either synth_design or opt_design


3. Flip-Flop Distribution
-------------------------

+--------------+-----------------------+------------------------+-----------------+--------------+
| Clock Enable | Synchronous Set/Reset | Asynchronous Set/Reset | Total Registers | Total Slices |
+--------------+-----------------------+------------------------+-----------------+--------------+
| No           | No                    | No                     |               0 |            0 |
| No           | No                    | Yes                    |             381 |          135 |
| No           | Yes                   | No                     |               6 |            2 |
| Yes          | No                    | No                     |            1032 |          487 |
| Yes          | No                    | Yes                    |            1427 |          464 |
| Yes          | Yes                   | No                     |              70 |           22 |
+--------------+-----------------------+------------------------+-----------------+--------------+


4. Detailed Control Set Information
-----------------------------------

+-------------------------+----------------------------------------------------------------------+-------------------------------------------------------------------------------+------------------+----------------+--------------+
|       Clock Signal      |                             Enable Signal                            |                                Set/Reset Signal                               | Slice Load Count | Bel Load Count | Bels / Slice |
+-------------------------+----------------------------------------------------------------------+-------------------------------------------------------------------------------+------------------+----------------+--------------+
| ~jtag_TCK_IBUF_BUFG     |                                                                      | u_jtag_top/u_jtag_driver/jtag_TDO_i_1_n_0                                     |                1 |              1 |         1.00 |
|  clk_inst/inst/clk_out1 | uart_0/tx_bit                                                        | u_rst_ctrl/ext_rst_sync/ticks_sync[1].dp_is_not_0.rst_0_dff/jtag_rst_r_reg[4] |                1 |              1 |         1.00 |
|  clk_inst/inst/clk_out1 |                                                                      | u_rst_ctrl/ext_rst_sync/ticks_sync[0].dp_is_0.rst_0_dff/rst_ext_i             |                1 |              2 |         2.00 |
|  clk_inst/inst/clk_out1 | u_tinyriscv_core/u_exu/u_exu_muldiv/u_divider/state[3]_i_1_n_0       | u_rst_ctrl/ext_rst_sync/ticks_sync[1].dp_is_not_0.rst_0_dff/jtag_rst_r_reg[4] |                2 |              4 |         2.00 |
|  clk_inst/inst/clk_out1 | uart_0/bit_cnt                                                       | u_rst_ctrl/ext_rst_sync/ticks_sync[1].dp_is_not_0.rst_0_dff/jtag_rst_r_reg[4] |                2 |              4 |         2.00 |
|  clk_inst/inst/clk_out1 | uart_0/rx_clk_edge_cnt[3]_i_1_n_0                                    | u_rst_ctrl/ext_rst_sync/ticks_sync[1].dp_is_not_0.rst_0_dff/jtag_rst_r_reg[4] |                2 |              4 |         2.00 |
| ~jtag_TCK_IBUF_BUFG     | u_jtag_top/u_jtag_driver/FSM_onehot_jtag_state_reg_n_0_[9]           | u_jtag_top/u_jtag_driver/ir_reg                                               |                2 |              5 |         2.50 |
|  clk_inst/inst/clk_out1 | u_tinyriscv_core/u_clint/csr_state[4]_i_1_n_0                        | u_rst_ctrl/ext_rst_sync/ticks_sync[1].dp_is_not_0.rst_0_dff/jtag_rst_r_reg[4] |                1 |              5 |         5.00 |
|  clk_inst/inst/clk_out1 |                                                                      | u_jtag_top/u_jtag_dm/SR[0]                                                    |                1 |              5 |         5.00 |
|  clk_inst/inst/clk_out1 | u_tinyriscv_core/u_idu_exu/info_bus_ff/qout_r_reg[10]_1              | u_rst_ctrl/ext_rst_sync/ticks_sync[1].dp_is_not_0.rst_0_dff/jtag_rst_r_reg[4] |                2 |              6 |         3.00 |
|  clk_inst/inst/clk_out1 | u_tinyriscv_core/u_idu_exu/info_bus_ff/gpio_ctrl[7]_i_3_0            | u_rst_ctrl/ext_rst_sync/ticks_sync[1].dp_is_not_0.rst_0_dff/jtag_rst_r_reg[4] |                2 |              6 |         3.00 |
|  clk_inst/inst/clk_out1 | u_tinyriscv_core/u_idu_exu/info_bus_ff/tx_start                      | u_rst_ctrl/ext_rst_sync/ticks_sync[1].dp_is_not_0.rst_0_dff/jtag_rst_r_reg[4] |                3 |              8 |         2.67 |
|  clk_inst/inst/clk_out1 | u_tinyriscv_core/u_idu_exu/info_bus_ff/sbcs_reg[19][3]               | u_rst_ctrl/ext_rst_sync/ticks_sync[1].dp_is_not_0.rst_0_dff/jtag_rst_r_reg[4] |                4 |              8 |         2.00 |
|  clk_inst/inst/clk_out1 | u_tinyriscv_core/u_idu_exu/info_bus_ff/sbcs_reg[17]_0                | u_rst_ctrl/ext_rst_sync/ticks_sync[1].dp_is_not_0.rst_0_dff/jtag_rst_r_reg[4] |                2 |              8 |         4.00 |
|  clk_inst/inst/clk_out1 | u_tinyriscv_core/u_idu_exu/info_bus_ff/dm_mem_we_reg_0[0]            | u_rst_ctrl/ext_rst_sync/ticks_sync[1].dp_is_not_0.rst_0_dff/jtag_rst_r_reg[4] |                3 |              8 |         2.67 |
|  clk_inst/inst/clk_out1 | u_tinyriscv_core/u_idu_exu/info_bus_ff/dm_mem_we_reg_0[1]            | u_rst_ctrl/ext_rst_sync/ticks_sync[1].dp_is_not_0.rst_0_dff/jtag_rst_r_reg[4] |                2 |              8 |         4.00 |
|  clk_inst/inst/clk_out1 | u_tinyriscv_core/u_idu_exu/info_bus_ff/dm_mem_we_reg_0[2]            | u_rst_ctrl/ext_rst_sync/ticks_sync[1].dp_is_not_0.rst_0_dff/jtag_rst_r_reg[4] |                4 |              8 |         2.00 |
|  clk_inst/inst/clk_out1 | u_tinyriscv_core/u_idu_exu/info_bus_ff/dm_mem_we_reg_0[3]            | u_rst_ctrl/ext_rst_sync/ticks_sync[1].dp_is_not_0.rst_0_dff/jtag_rst_r_reg[4] |                3 |              8 |         2.67 |
|  clk_inst/inst/clk_out1 | u_tinyriscv_core/u_idu_exu/info_bus_ff/sbcs_reg[17][0]               | u_rst_ctrl/ext_rst_sync/ticks_sync[1].dp_is_not_0.rst_0_dff/jtag_rst_r_reg[4] |                2 |              8 |         4.00 |
|  clk_inst/inst/clk_out1 | u_tinyriscv_core/u_idu_exu/info_bus_ff/sbcs_reg[17][1]               | u_rst_ctrl/ext_rst_sync/ticks_sync[1].dp_is_not_0.rst_0_dff/jtag_rst_r_reg[4] |                2 |              8 |         4.00 |
|  clk_inst/inst/clk_out1 | u_tinyriscv_core/u_idu_exu/info_bus_ff/sbcs_reg[19][0]               | u_rst_ctrl/ext_rst_sync/ticks_sync[1].dp_is_not_0.rst_0_dff/jtag_rst_r_reg[4] |                2 |              8 |         4.00 |
|  clk_inst/inst/clk_out1 | u_tinyriscv_core/u_idu_exu/info_bus_ff/sbcs_reg[19][1]               | u_rst_ctrl/ext_rst_sync/ticks_sync[1].dp_is_not_0.rst_0_dff/jtag_rst_r_reg[4] |                2 |              8 |         4.00 |
|  clk_inst/inst/clk_out1 | u_tinyriscv_core/u_idu_exu/info_bus_ff/sbcs_reg[19][2]               | u_rst_ctrl/ext_rst_sync/ticks_sync[1].dp_is_not_0.rst_0_dff/jtag_rst_r_reg[4] |                2 |              8 |         4.00 |
|  clk_inst/inst/clk_out1 | u_tinyriscv_core/u_idu_exu/info_bus_ff/uart_ctrl[7]_i_6_0[0]         | u_rst_ctrl/ext_rst_sync/ticks_sync[1].dp_is_not_0.rst_0_dff/jtag_rst_r_reg[4] |                2 |              8 |         4.00 |
|  clk_inst/inst/clk_out1 | uart_0/rx_data[7]_i_1_n_0                                            | u_rst_ctrl/ext_rst_sync/ticks_sync[1].dp_is_not_0.rst_0_dff/jtag_rst_r_reg[4] |                2 |              8 |         4.00 |
|  clk_inst/inst/clk_out1 | uart_0/rx_recv_over                                                  | u_rst_ctrl/ext_rst_sync/ticks_sync[1].dp_is_not_0.rst_0_dff/jtag_rst_r_reg[4] |                2 |              8 |         4.00 |
|  clk_inst/inst/clk_out1 | u_tinyriscv_core/u_idu_exu/info_bus_ff/ren_0                         | u_tinyriscv_core/u_idu_exu/info_bus_ff/mem_rsp_hsked_r_reg_1                  |                4 |             12 |         3.00 |
|  clk_inst/inst/clk_out1 | u_tinyriscv_core/u_idu_exu/info_bus_ff/ren                           | u_tinyriscv_core/u_idu_exu/info_bus_ff/mem_rsp_hsked_r_reg_0                  |                5 |             13 |         2.60 |
|  clk_inst/inst/clk_out1 | u_jtag_top/u_jtag_dm/dm_mem_addr                                     | u_rst_ctrl/ext_rst_sync/ticks_sync[1].dp_is_not_0.rst_0_dff/qout_r_reg[0]_1   |                9 |             19 |         2.11 |
|  clk_inst/inst/clk_out1 |                                                                      | u_rst_ctrl/ext_rst_sync/ticks_sync[1].dp_is_not_0.rst_0_dff/qout_r_reg[0]_1   |                9 |             24 |         2.67 |
|  jtag_TCK_IBUF_BUFG     |                                                                      | u_rst_ctrl/ext_rst_sync/ticks_sync[1].dp_is_not_0.rst_0_dff/qout_r_reg[0]_1   |                8 |             31 |         3.88 |
|  clk_inst/inst/clk_out1 | u_tinyriscv_core/u_idu_exu/rd_waddr_ff/qout_r_reg[1]_6[0]            |                                                                               |               15 |             32 |         2.13 |
|  clk_inst/inst/clk_out1 | u_tinyriscv_core/u_idu_exu/rd_waddr_ff/qout_r_reg[0]_4[0]            |                                                                               |               15 |             32 |         2.13 |
|  clk_inst/inst/clk_out1 | u_tinyriscv_core/u_idu_exu/rd_waddr_ff/qout_r_reg[1]_5[0]            |                                                                               |               13 |             32 |         2.46 |
|  clk_inst/inst/clk_out1 | u_tinyriscv_core/u_idu_exu/rd_waddr_ff/qout_r_reg[1]_4[0]            |                                                                               |               11 |             32 |         2.91 |
|  clk_inst/inst/clk_out1 | u_tinyriscv_core/u_idu_exu/rd_waddr_ff/qout_r_reg[1]_3[0]            |                                                                               |               15 |             32 |         2.13 |
|  clk_inst/inst/clk_out1 | u_tinyriscv_core/u_idu_exu/rd_waddr_ff/qout_r_reg[1]_2[0]            |                                                                               |               14 |             32 |         2.29 |
|  clk_inst/inst/clk_out1 | u_tinyriscv_core/u_idu_exu/rd_waddr_ff/qout_r_reg[1]_1[0]            |                                                                               |               15 |             32 |         2.13 |
|  clk_inst/inst/clk_out1 | u_tinyriscv_core/u_idu_exu/rd_waddr_ff/qout_r_reg[1]_0[0]            |                                                                               |               16 |             32 |         2.00 |
|  clk_inst/inst/clk_out1 | u_tinyriscv_core/u_idu_exu/rd_waddr_ff/qout_r_reg[0]_9[0]            |                                                                               |               15 |             32 |         2.13 |
|  clk_inst/inst/clk_out1 | u_tinyriscv_core/u_idu_exu/rd_waddr_ff/qout_r_reg[0]_8[0]            |                                                                               |               14 |             32 |         2.29 |
|  clk_inst/inst/clk_out1 | u_tinyriscv_core/u_idu_exu/rd_waddr_ff/qout_r_reg[0]_7[0]            |                                                                               |               13 |             32 |         2.46 |
|  clk_inst/inst/clk_out1 | u_tinyriscv_core/u_idu_exu/rd_waddr_ff/qout_r_reg[0]_5[0]            |                                                                               |               15 |             32 |         2.13 |
|  clk_inst/inst/clk_out1 | u_tinyriscv_core/u_idu_exu/rd_waddr_ff/qout_r_reg[0]_6[0]            |                                                                               |               16 |             32 |         2.00 |
|  clk_inst/inst/clk_out1 | u_tinyriscv_core/u_idu_exu/rd_waddr_ff/qout_r_reg[1]_7[0]            |                                                                               |               22 |             32 |         1.45 |
|  clk_inst/inst/clk_out1 | u_tinyriscv_core/u_idu_exu/rd_waddr_ff/qout_r_reg[2]_0[0]            |                                                                               |               15 |             32 |         2.13 |
|  clk_inst/inst/clk_out1 | u_tinyriscv_core/u_idu_exu/rd_waddr_ff/qout_r_reg[2]_1[0]            |                                                                               |               18 |             32 |         1.78 |
|  clk_inst/inst/clk_out1 | u_tinyriscv_core/u_idu_exu/rd_waddr_ff/qout_r_reg[2]_2[0]            |                                                                               |               11 |             32 |         2.91 |
|  clk_inst/inst/clk_out1 | u_tinyriscv_core/u_idu_exu/rd_waddr_ff/qout_r_reg[2]_3[0]            |                                                                               |               17 |             32 |         1.88 |
|  clk_inst/inst/clk_out1 | u_tinyriscv_core/u_idu_exu/rd_waddr_ff/qout_r_reg[2]_4[0]            |                                                                               |               12 |             32 |         2.67 |
|  clk_inst/inst/clk_out1 | u_tinyriscv_core/u_idu_exu/rd_waddr_ff/qout_r_reg[2]_5[0]            |                                                                               |               12 |             32 |         2.67 |
|  clk_inst/inst/clk_out1 | u_tinyriscv_core/u_idu_exu/rd_waddr_ff/qout_r_reg[3]_0[0]            |                                                                               |               20 |             32 |         1.60 |
|  clk_inst/inst/clk_out1 | u_tinyriscv_core/u_idu_exu/rd_waddr_ff/qout_r_reg[3]_1[0]            |                                                                               |               19 |             32 |         1.68 |
|  clk_inst/inst/clk_out1 | u_jtag_top/u_jtag_dm/data0                                           | u_rst_ctrl/ext_rst_sync/ticks_sync[1].dp_is_not_0.rst_0_dff/qout_r_reg[0]_1   |                7 |             32 |         4.57 |
|  clk_inst/inst/clk_out1 | u_jtag_top/u_jtag_dm/dmcontrol_0                                     | u_rst_ctrl/ext_rst_sync/ticks_sync[1].dp_is_not_0.rst_0_dff/qout_r_reg[0]_1   |                9 |             32 |         3.56 |
|  clk_inst/inst/clk_out1 | u_tinyriscv_core/u_exu/u_exu_muldiv/u_divider/dividend_r[31]_i_1_n_0 | u_rst_ctrl/ext_rst_sync/ticks_sync[1].dp_is_not_0.rst_0_dff/jtag_rst_r_reg[4] |               11 |             32 |         2.91 |
|  clk_inst/inst/clk_out1 | u_tinyriscv_core/u_exu/u_exu_muldiv/u_divider/divisor_r[31]_i_1_n_0  | u_rst_ctrl/ext_rst_sync/ticks_sync[1].dp_is_not_0.rst_0_dff/jtag_rst_r_reg[4] |               12 |             32 |         2.67 |
|  clk_inst/inst/clk_out1 | u_jtag_top/u_jtag_dm/sbcs                                            | u_rst_ctrl/ext_rst_sync/ticks_sync[1].dp_is_not_0.rst_0_dff/qout_r_reg[0]_1   |               14 |             32 |         2.29 |
|  clk_inst/inst/clk_out1 | u_jtag_top/u_jtag_dm/dm_mem_wdata[31]_i_1_n_0                        | u_rst_ctrl/ext_rst_sync/ticks_sync[1].dp_is_not_0.rst_0_dff/qout_r_reg[0]_1   |               13 |             32 |         2.46 |
|  clk_inst/inst/clk_out1 | u_tinyriscv_core/u_idu_exu/info_bus_ff/csr_we_o_reg_2[0]             | u_rst_ctrl/ext_rst_sync/ticks_sync[1].dp_is_not_0.rst_0_dff/jtag_rst_r_reg[4] |               15 |             32 |         2.13 |
|  clk_inst/inst/clk_out1 | u_tinyriscv_core/u_idu_exu/info_bus_ff/csr_we_o_reg_3[0]             | u_rst_ctrl/ext_rst_sync/ticks_sync[1].dp_is_not_0.rst_0_dff/jtag_rst_r_reg[4] |               16 |             32 |         2.00 |
|  clk_inst/inst/clk_out1 | u_tinyriscv_core/u_idu_exu/info_bus_ff/csr_we_o_reg_4[0]             | u_rst_ctrl/ext_rst_sync/ticks_sync[1].dp_is_not_0.rst_0_dff/jtag_rst_r_reg[4] |               14 |             32 |         2.29 |
|  clk_inst/inst/clk_out1 | u_jtag_top/u_jtag_dm/read_data_2                                     | u_rst_ctrl/ext_rst_sync/ticks_sync[1].dp_is_not_0.rst_0_dff/qout_r_reg[0]_1   |               10 |             32 |         3.20 |
|  clk_inst/inst/clk_out1 | u_tinyriscv_core/u_idu_exu/info_bus_ff/csr_we_o_reg_1[0]             | u_rst_ctrl/ext_rst_sync/ticks_sync[1].dp_is_not_0.rst_0_dff/jtag_rst_r_reg[4] |               11 |             32 |         2.91 |
|  clk_inst/inst/clk_out1 | u_tinyriscv_core/u_idu_exu/rd_waddr_ff/qout_r_reg[0]_3[0]            |                                                                               |               15 |             32 |         2.13 |
|  clk_inst/inst/clk_out1 | u_tinyriscv_core/u_idu_exu/info_bus_ff/csr_we_o_reg_0[0]             | u_rst_ctrl/ext_rst_sync/ticks_sync[1].dp_is_not_0.rst_0_dff/jtag_rst_r_reg[4] |               11 |             32 |         2.91 |
|  clk_inst/inst/clk_out1 | u_tinyriscv_core/u_idu_exu/info_bus_ff/qout_r_reg[6]_2[0]            | u_rst_ctrl/ext_rst_sync/ticks_sync[1].dp_is_not_0.rst_0_dff/jtag_rst_r_reg[4] |                8 |             32 |         4.00 |
|  clk_inst/inst/clk_out1 | u_tinyriscv_core/u_idu_exu/info_bus_ff/qout_r_reg[6]_3[0]            | u_rst_ctrl/ext_rst_sync/ticks_sync[1].dp_is_not_0.rst_0_dff/jtag_rst_r_reg[4] |                8 |             32 |         4.00 |
|  clk_inst/inst/clk_out1 | u_jtag_top/u_jtag_dm/sbaddress0_1                                    | u_rst_ctrl/ext_rst_sync/ticks_sync[1].dp_is_not_0.rst_0_dff/qout_r_reg[0]_1   |               11 |             32 |         2.91 |
|  clk_inst/inst/clk_out1 | u_tinyriscv_core/u_idu_exu/info_bus_ff/csr_we_o_reg[0]               | u_rst_ctrl/ext_rst_sync/ticks_sync[1].dp_is_not_0.rst_0_dff/jtag_rst_r_reg[4] |               11 |             32 |         2.91 |
|  clk_inst/inst/clk_out1 | u_jtag_top/u_jtag_dm/dm_mem_rdata_3                                  | u_rst_ctrl/ext_rst_sync/ticks_sync[1].dp_is_not_0.rst_0_dff/qout_r_reg[0]_1   |               14 |             32 |         2.29 |
|  clk_inst/inst/clk_out1 | u_tinyriscv_core/u_exu/u_exu_muldiv/u_divider/div_remain[31]_i_1_n_0 | u_rst_ctrl/ext_rst_sync/ticks_sync[1].dp_is_not_0.rst_0_dff/jtag_rst_r_reg[4] |               12 |             32 |         2.67 |
|  clk_inst/inst/clk_out1 | u_tinyriscv_core/u_exu/u_exu_muldiv/u_divider/minuend[31]_i_1_n_0    | u_rst_ctrl/ext_rst_sync/ticks_sync[1].dp_is_not_0.rst_0_dff/jtag_rst_r_reg[4] |               12 |             32 |         2.67 |
|  clk_inst/inst/clk_out1 | u_tinyriscv_core/u_idu_exu/rd_waddr_ff/qout_r_reg[0]_0[0]            |                                                                               |               19 |             32 |         1.68 |
|  clk_inst/inst/clk_out1 | u_tinyriscv_core/u_idu_exu/rd_waddr_ff/qout_r_reg[0]_11[0]           |                                                                               |               16 |             32 |         2.00 |
|  clk_inst/inst/clk_out1 | u_tinyriscv_core/u_idu_exu/rd_waddr_ff/qout_r_reg[0]_1[0]            |                                                                               |               17 |             32 |         1.88 |
|  clk_inst/inst/clk_out1 | u_tinyriscv_core/u_idu_exu/rd_waddr_ff/qout_r_reg[0]_10[0]           |                                                                               |               13 |             32 |         2.46 |
|  clk_inst/inst/clk_out1 | u_tinyriscv_core/u_idu_exu/rd_waddr_ff/qout_r_reg[0]_12[0]           |                                                                               |               13 |             32 |         2.46 |
|  clk_inst/inst/clk_out1 | u_tinyriscv_core/u_idu_exu/rd_waddr_ff/qout_r_reg[0]_13[0]           |                                                                               |               20 |             32 |         1.60 |
|  clk_inst/inst/clk_out1 | u_tinyriscv_core/u_idu_exu/rd_waddr_ff/qout_r_reg[0]_14[0]           |                                                                               |               10 |             32 |         3.20 |
|  clk_inst/inst/clk_out1 | u_tinyriscv_core/u_idu_exu/rd_waddr_ff/qout_r_reg[0]_2[0]            |                                                                               |               20 |             32 |         1.60 |
|  clk_inst/inst/clk_out1 | u_tinyriscv_core/u_exu/u_exu_muldiv/u_divider/result_o[31]_i_1_n_0   | u_rst_ctrl/ext_rst_sync/ticks_sync[1].dp_is_not_0.rst_0_dff/jtag_rst_r_reg[4] |               15 |             33 |         2.20 |
|  clk_inst/inst/clk_out1 | u_tinyriscv_core/u_clint/if_state_dff/E[0]                           | u_rst_ctrl/ext_rst_sync/ticks_sync[1].dp_is_not_0.rst_0_dff/jtag_rst_r_reg[4] |               10 |             37 |         3.70 |
|  clk_inst/inst/clk_out1 | u_jtag_top/u_jtag_dm/tx/req_data                                     | u_rst_ctrl/ext_rst_sync/ticks_sync[1].dp_is_not_0.rst_0_dff/qout_r_reg[0]_1   |                5 |             38 |         7.60 |
|  jtag_TCK_IBUF_BUFG     | u_jtag_top/u_jtag_driver/rx/E[0]                                     | u_rst_ctrl/ext_rst_sync/ticks_sync[1].dp_is_not_0.rst_0_dff/qout_r_reg[0]_1   |                6 |             38 |         6.33 |
|  jtag_TCK_IBUF_BUFG     | u_jtag_top/u_jtag_driver/rx/recv_rdy                                 | u_rst_ctrl/ext_rst_sync/ticks_sync[1].dp_is_not_0.rst_0_dff/qout_r_reg[0]_1   |                7 |             39 |         5.57 |
|  clk_inst/inst/clk_out1 | u_jtag_top/u_jtag_dm/rx/E[0]                                         |                                                                               |               11 |             40 |         3.64 |
|  jtag_TCK_IBUF_BUFG     | u_jtag_top/u_jtag_driver/tx/req_data__0                              | u_rst_ctrl/ext_rst_sync/ticks_sync[1].dp_is_not_0.rst_0_dff/qout_r_reg[0]_1   |                5 |             40 |         8.00 |
|  jtag_TCK_IBUF_BUFG     | u_jtag_top/u_jtag_driver/tx/E[0]                                     | u_rst_ctrl/ext_rst_sync/ticks_sync[1].dp_is_not_0.rst_0_dff/qout_r_reg[0]_1   |                7 |             40 |         5.71 |
|  jtag_TCK_IBUF_BUFG     | u_jtag_top/u_jtag_driver/shift_reg                                   | u_jtag_top/u_jtag_driver/shift_reg0                                           |               11 |             40 |         3.64 |
|  clk_inst/inst/clk_out1 | u_jtag_top/u_jtag_dm/rx/recv_rdy                                     | u_rst_ctrl/ext_rst_sync/ticks_sync[1].dp_is_not_0.rst_0_dff/qout_r_reg[0]_1   |                6 |             41 |         6.83 |
|  clk_inst/inst/clk_out1 | u_tinyriscv_core/u_exu/u_exu_muldiv/u_divider/count[30]_i_1_n_0      | u_rst_ctrl/ext_rst_sync/ticks_sync[1].dp_is_not_0.rst_0_dff/jtag_rst_r_reg[4] |               23 |             63 |         2.74 |
|  clk_inst/inst/clk_out1 | u_tinyriscv_core/u_idu_exu/info_bus_ff/qout_r_reg[4]_0[0]            | u_rst_ctrl/ext_rst_sync/ticks_sync[1].dp_is_not_0.rst_0_dff/jtag_rst_r_reg[4] |               24 |             64 |         2.67 |
|  clk_inst/inst/clk_out1 | u_tinyriscv_core/u_idu_exu/info_bus_ff/E[0]                          | u_rst_ctrl/ext_rst_sync/ticks_sync[1].dp_is_not_0.rst_0_dff/jtag_rst_r_reg[4] |               79 |            217 |         2.75 |
|  clk_inst/inst/clk_out1 |                                                                      | u_rst_ctrl/ext_rst_sync/ticks_sync[1].dp_is_not_0.rst_0_dff/jtag_rst_r_reg[4] |              117 |            324 |         2.77 |
+-------------------------+----------------------------------------------------------------------+-------------------------------------------------------------------------------+------------------+----------------+--------------+


